#-----------------------------------------------------------
# Vivado v2022.2 (64-bit)
# SW Build 3671981 on Fri Oct 14 04:59:54 MDT 2022
# IP Build 3669848 on Fri Oct 14 08:30:02 MDT 2022
# Start of session at: Fri Dec  2 18:58:51 2022
# Process ID: 34164
# Current directory: /home/pablo/git/verilog_dsp/usb104_qam16/project/usb104_qam/usb104_qam.runs/qam16_bd_qam16_data_packet_0_0_synth_1
# Command line: vivado -log qam16_bd_qam16_data_packet_0_0.vds -product Vivado -mode batch -messageDb vivado.pb -notrace -source qam16_bd_qam16_data_packet_0_0.tcl
# Log file: /home/pablo/git/verilog_dsp/usb104_qam16/project/usb104_qam/usb104_qam.runs/qam16_bd_qam16_data_packet_0_0_synth_1/qam16_bd_qam16_data_packet_0_0.vds
# Journal file: /home/pablo/git/verilog_dsp/usb104_qam16/project/usb104_qam/usb104_qam.runs/qam16_bd_qam16_data_packet_0_0_synth_1/vivado.jou
# Running On: friday, OS: Linux, CPU Frequency: 3800.000 MHz, CPU Physical cores: 16, Host memory: 25101 MB
#-----------------------------------------------------------
source qam16_bd_qam16_data_packet_0_0.tcl -notrace
